/usr/local/lib/python3.8/dist-packages/skgenome/intersect.py:11: FutureWarning: pandas.Int64Index is deprecated and will be removed from pandas in a future version. Use pandas.Index with the appropriate dtype instead.
  from pandas import Int64Index
CNVkit 0.9.7
Wrote /opt/gpbeta_2/gp_home/jobResults/86678/TESTX_H7YRLADXX_S1_L001_cnvkit_output/GRCh38_cnvkit_filtered_ref.target-tmp.bed with 568558 regions
Wrote /opt/gpbeta_2/gp_home/jobResults/86678/TESTX_H7YRLADXX_S1_L001_cnvkit_output/GRCh38_cnvkit_filtered_ref.antitarget-tmp.bed with 0 regions
Running 1 samples in 4 processes (that's 4 processes per bam)
Running the CNVkit pipeline on /opt/gpbeta_2/gp_home/jobResults/86678/TESTX_H7YRLADXX_S1_L001.cs.rmdup.bam ...
Processing reads in TESTX_H7YRLADXX_S1_L001.cs.rmdup.bam
Time: 8.629 seconds (5525 reads/sec, 65886 bins/sec)
Summary: #bins=568558, #reads=47681, mean=0.0839, min=0.0, max=14.0 
Percent reads in regions: 95.899 (of 49721 mapped)
Wrote /opt/gpbeta_2/gp_home/jobResults/86678/TESTX_H7YRLADXX_S1_L001_cnvkit_output/TESTX_H7YRLADXX_S1_L001.cs.rmdup.targetcoverage.cnn with 568558 regions
Skip processing TESTX_H7YRLADXX_S1_L001.cs.rmdup.bam with empty regions file /opt/gpbeta_2/gp_home/jobResults/86678/TESTX_H7YRLADXX_S1_L001_cnvkit_output/GRCh38_cnvkit_filtered_ref.antitarget-tmp.bed
Wrote /opt/gpbeta_2/gp_home/jobResults/86678/TESTX_H7YRLADXX_S1_L001_cnvkit_output/TESTX_H7YRLADXX_S1_L001.cs.rmdup.antitargetcoverage.cnn with 0 regions
Processing target: TESTX_H7YRLADXX_S1_L001.cs.rmdup
Keeping 566505 of 568558 bins
WARNING: most bins have no or very low coverage; check that the right BED file was used
Processing antitarget: TESTX_H7YRLADXX_S1_L001.cs.rmdup
Wrote /opt/gpbeta_2/gp_home/jobResults/86678/TESTX_H7YRLADXX_S1_L001_cnvkit_output/TESTX_H7YRLADXX_S1_L001.cs.rmdup.cnr with 566505 regions
Segmenting /opt/gpbeta_2/gp_home/jobResults/86678/TESTX_H7YRLADXX_S1_L001_cnvkit_output/TESTX_H7YRLADXX_S1_L001.cs.rmdup.cnr ...
Segmenting with method 'cbs', significance threshold 1e-06, in 4 processes
Smoothing overshot at 12472 / 24256 indices: (-16.471762890130563, -2.8903406931654194) vs. original (-15.370499103202345, 2.0000000000000004)
Smoothing overshot at 10463 / 21054 indices: (-16.585332155120412, -3.119296727728815) vs. original (-15.370499103202345, 2.0000000000000004)
Smoothing overshot at 10104 / 18076 indices: (-16.500514435554514, -3.521990544798614) vs. original (-15.370499103202345, 2.0000000000000004)
Smoothing overshot at 16172 / 29154 indices: (-16.47147316577347, -0.873260849981824) vs. original (-15.370499103202345, 2.1715112523342643)
Smoothing overshot at 9515 / 17540 indices: (-16.258987573292, -3.5125085043997997) vs. original (-15.370499103202345, 2.0000000000000004)
Smoothing overshot at 11419 / 20787 indices: (-16.514605027472513, -3.412128111523182) vs. original (-15.370499103202345, 1.5849625007211565)
Smoothing overshot at 5469 / 9591 indices: (-16.347368750432977, -4.477353753011228) vs. original (-15.370499103202345, 2.0000000000000004)
Smoothing overshot at 16101 / 27454 indices: (-16.355161801443057, -4.636479279028512) vs. original (-15.370499103202345, 1.61325154515258)
Smoothing overshot at 5319 / 9188 indices: (-17.054755426593744, -6.063445893827622) vs. original (-15.370499103202345, 1.0000000000000004)
Smoothing overshot at 14039 / 25957 indices: (-16.556912033179316, -4.34123830305292) vs. original (-15.370499103202345, 2.0000000000000004)
Smoothing overshot at 6107 / 11711 indices: (-16.399246980453782, -2.6379444813307655) vs. original (-15.370499103202345, 2.0000000000000004)
Smoothing overshot at 12129 / 21507 indices: (-16.411957431695352, -3.1116895948696) vs. original (-15.370499103202345, 1.5849625007211565)
Smoothing overshot at 6460 / 11629 indices: (-16.51133757259813, -3.7424026135196704) vs. original (-15.370499103202345, 1.8073549220576046)
Smoothing overshot at 10524 / 19404 indices: (-16.27000172639834, -2.3308989673977223) vs. original (-15.370499103202345, 2.8073549220576046)
Smoothing overshot at 4841 / 8634 indices: (-16.503341248122137, -5.140578929382243) vs. original (-15.370499103202345, 1.5843855380896361)
Smoothing overshot at 11242 / 19505 indices: (-16.291400377654224, -3.1808780549912212) vs. original (-15.370499103202345, 1.5849625007211565)
Smoothing overshot at 4716 / 8428 indices: (-16.324604520073358, -4.667653724182892) vs. original (-15.370499103202345, 1.5849625007211565)
Smoothing overshot at 8239 / 15253 indices: (-16.452728501940094, -3.8762191934920964) vs. original (-15.370499103202345, 2.1699250014423126)
Smoothing overshot at 4412 / 7634 indices: (-16.99960793840268, -5.858853954787273) vs. original (-15.370499103202345, 1.8256042945124618)
Smoothing overshot at 10258 / 18327 indices: (-16.61628238009333, 0.85724081164377) vs. original (-15.370499103202345, 2.3219280948873626)
Smoothing overshot at 5598 / 10167 indices: (-16.362740445023327, -3.749190277985398) vs. original (-15.370499103202345, 1.5849625007211565)
Smoothing overshot at 8369 / 15845 indices: (-17.02156735658412, -2.8950606784585604) vs. original (-15.370499103202345, 2.0000000000000004)
Smoothing overshot at 3200 / 6675 indices: (-16.354712699434085, -5.005396483949747) vs. original (-15.370499103202345, 1.5849625007211565)
Smoothing overshot at 9834 / 19075 indices: (-16.48003290486156, -1.127358187528477) vs. original (-15.370499103202345, 2.0000000000000004)
Smoothing overshot at 11101 / 18982 indices: (-16.536094075417843, -3.342274858376554) vs. original (-15.370499103202345, 1.5849625007211565)
Smoothing overshot at 9543 / 17667 indices: (-16.444212895141955, -0.8029077907324931) vs. original (-15.370499103202345, 2.0000000000000004)
Smoothing overshot at 8121 / 16362 indices: (-16.727660176629467, -4.1351115082413195) vs. original (-15.370499103202345, 1.5852510685870826)
Smoothing overshot at 3413 / 7036 indices: (-16.31163725178945, -5.557973317438419) vs. original (-15.370499103202345, 1.5852510685870826)
Smoothing overshot at 4880 / 8800 indices: (-16.538737773472327, -3.332459901058489) vs. original (-15.370499103202345, 2.0000000000000004)
Smoothing overshot at 2187 / 4537 indices: (-16.473962542331435, -5.235041062974249) vs. original (-15.370499103202345, 1.5849625007211565)
Smoothing overshot at 5381 / 11198 indices: (-16.441721190183205, -0.5499914434444658) vs. original (-15.370499103202345, 2.332062472021076)
Smoothing overshot at 1660 / 3125 indices: (-16.681927591667932, -6.468096969897337) vs. original (-15.370499103202345, 1.0000000000000004)
Smoothing overshot at 6599 / 11742 indices: (-17.75455496892859, 3.4570480775817316) vs. original (-15.370499103202345, 1.5849625007211565)
Smoothing overshot at 1826 / 4866 indices: (-16.497533817278757, -3.7149679254290335) vs. original (-15.370499103202345, 1.9982133805259856)
Smoothing overshot at 2404 / 6120 indices: (-17.423766291823505, -3.3429522255971795) vs. original (-15.370499103202345, 2.0000000000000004)
Smoothing overshot at 2822 / 5172 indices: (-16.272176431223397, -5.052685942024145) vs. original (-15.370499103202345, 1.5849625007211565)
Smoothing overshot at 3513 / 6763 indices: (-16.27368753183476, -3.132669347169089) vs. original (-15.370499103202345, 1.1809923053451494)
Smoothing overshot at 4093 / 7464 indices: (-18.084186802047814, -1.6275110604601528) vs. original (-15.370499103202345, 1.5861171186626484)
Smoothing overshot at 3664 / 7049 indices: (-17.002082993938387, -5.560783747925411) vs. original (-15.370499103202345, 1.0002885678659266)
Smoothing overshot at 8251 / 11462 indices: (-15.231806635890122, -2.597452732561743) vs. original (-14.370499103202345, 2.584673990563033)
Smoothing overshot at 12696 / 18334 indices: (-15.25315415676127, -5.104118674341683) vs. original (-14.370499103202345, 2.0023101606872014)
Smoothing overshot at 1758 / 1974 indices: (-14.903707768337343, -8.184789519136375) vs. original (-14.370499103202345, 1.3075728019102923)
Smoothing overshot at 2543 / 3151 indices: (-15.025298836938138, -7.686807830573576) vs. original (-14.370499103202345, 1.021845810216397)
Post-processing /opt/gpbeta_2/gp_home/jobResults/86678/TESTX_H7YRLADXX_S1_L001_cnvkit_output/TESTX_H7YRLADXX_S1_L001.cs.rmdup.cns ...
Wrote /opt/gpbeta_2/gp_home/jobResults/86678/TESTX_H7YRLADXX_S1_L001_cnvkit_output/TESTX_H7YRLADXX_S1_L001.cs.rmdup.cns with 71 regions
Applying filter 'ci'
Filtered by 'ci' from 71 to 24 rows
Calling copy number with thresholds: -1.1 => 0, -0.25 => 1, 0.2 => 2, 0.7 => 3
Wrote /opt/gpbeta_2/gp_home/jobResults/86678/TESTX_H7YRLADXX_S1_L001_cnvkit_output/TESTX_H7YRLADXX_S1_L001.cs.rmdup.call.cns with 24 regions
Significant hits in 566505/566505 bins (100%)
Wrote /opt/gpbeta_2/gp_home/jobResults/86678/TESTX_H7YRLADXX_S1_L001_cnvkit_output/TESTX_H7YRLADXX_S1_L001.cs.rmdup.bintest.cns with 566505 regions
/usr/local/lib/python3.8/dist-packages/skgenome/intersect.py:11: FutureWarning: pandas.Int64Index is deprecated and will be removed from pandas in a future version. Use pandas.Index with the appropriate dtype instead.
  from pandas import Int64Index
Segmenting with method 'cbs', significance threshold 0.0001, in 4 processes
Smoothing overshot at 12472 / 24256 indices: (-16.47176378296227, -2.890340887080033) vs. original (-15.3705, 2.0)
Smoothing overshot at 10463 / 21054 indices: (-16.585333166147695, -3.119296909300253) vs. original (-15.3705, 2.0)
Smoothing overshot at 10104 / 18076 indices: (-16.500515397230764, -3.5219907545713203) vs. original (-15.3705, 2.0)
Smoothing overshot at 16172 / 29154 indices: (-16.471474122118572, -0.8732626602466306) vs. original (-15.3705, 2.17151)
Smoothing overshot at 9515 / 17540 indices: (-16.25898852192889, -3.5125087093026) vs. original (-15.3705, 2.0)
Smoothing overshot at 11419 / 20787 indices: (-16.514605991023473, -3.412128204261741) vs. original (-15.3705, 1.58496)
Smoothing overshot at 5469 / 9591 indices: (-16.34736977741492, -4.477354013715228) vs. original (-15.3705, 2.0)
Smoothing overshot at 16101 / 27454 indices: (-16.35516279927272, -4.636479549545669) vs. original (-15.3705, 1.61325)
Smoothing overshot at 5319 / 9188 indices: (-17.05475642165997, -6.063446535460581) vs. original (-15.3705, 1.0)
Smoothing overshot at 14039 / 25957 indices: (-16.556913000893772, -4.341238447018167) vs. original (-15.3705, 2.0)
Smoothing overshot at 6107 / 11711 indices: (-16.399247937539926, -2.6379444394306804) vs. original (-15.3705, 2.0)
Smoothing overshot at 12129 / 21507 indices: (-16.411958388475284, -3.1116897897255216) vs. original (-15.3705, 1.58496)
Smoothing overshot at 6460 / 11629 indices: (-16.51133852387879, -3.7424028065780917) vs. original (-15.3705, 1.80735)
Smoothing overshot at 10524 / 19404 indices: (-16.270002675677823, -2.330899177275498) vs. original (-15.3705, 2.80735)
Smoothing overshot at 4841 / 8634 indices: (-16.503342141487078, -5.14057922934471) vs. original (-15.3705, 1.58439)
Smoothing overshot at 11242 / 19505 indices: (-16.29140132818221, -3.1808781866933145) vs. original (-15.3705, 1.58496)
Smoothing overshot at 4716 / 8428 indices: (-16.3246054724353, -4.667653404442378) vs. original (-15.3705, 1.58496)
Smoothing overshot at 8239 / 15253 indices: (-16.452729461880836, -3.876218646132162) vs. original (-15.3705, 2.16993)
Smoothing overshot at 4412 / 7634 indices: (-16.999608926373835, -5.858854141436127) vs. original (-15.3705, 1.8256)
Smoothing overshot at 10258 / 18327 indices: (-16.61628329430641, 0.8572404515832375) vs. original (-15.3705, 2.32193)
Smoothing overshot at 5598 / 10167 indices: (-16.36274140049573, -3.7491904763208277) vs. original (-15.3705, 1.58496)
Smoothing overshot at 8369 / 15845 indices: (-17.021568386659364, -2.895060881068533) vs. original (-15.3705, 2.0)
Smoothing overshot at 3200 / 6675 indices: (-16.354713655827993, -5.0053966138495385) vs. original (-15.3705, 1.58496)
Smoothing overshot at 9834 / 19075 indices: (-16.48003386639526, -1.127358149658986) vs. original (-15.3705, 2.0)
Smoothing overshot at 11101 / 18982 indices: (-16.536094996953814, -3.3422750533828607) vs. original (-15.3705, 1.58496)
Smoothing overshot at 9543 / 17667 indices: (-16.444213886212616, -0.8029078047174659) vs. original (-15.3705, 2.0)
Smoothing overshot at 8121 / 16362 indices: (-16.727661057487804, -4.13511141077305) vs. original (-15.3705, 1.58525)
Smoothing overshot at 3413 / 7036 indices: (-16.311638202258685, -5.557973641680501) vs. original (-15.3705, 1.58525)
Smoothing overshot at 4880 / 8800 indices: (-16.538738766165487, -3.332460020542237) vs. original (-15.3705, 2.0)
Smoothing overshot at 2187 / 4537 indices: (-16.47396350351758, -5.2350414811024475) vs. original (-15.3705, 1.58496)
Smoothing overshot at 5381 / 11198 indices: (-16.441722155908042, -0.549991499417578) vs. original (-15.3705, 2.33206)
Smoothing overshot at 1660 / 3125 indices: (-16.681928564938417, -6.468097347255443) vs. original (-15.3705, 1.0)
Smoothing overshot at 6599 / 11742 indices: (-17.754556014894728, 3.4570459599223824) vs. original (-15.3705, 1.58496)
Smoothing overshot at 1826 / 4866 indices: (-16.497534778590133, -3.7149668093757056) vs. original (-15.3705, 1.99821)
Smoothing overshot at 2404 / 6120 indices: (-17.423767307796872, -3.342952451018837) vs. original (-15.3705, 2.0)
Smoothing overshot at 2822 / 5172 indices: (-16.27217738062507, -5.052685402942656) vs. original (-15.3705, 1.58496)
Smoothing overshot at 3513 / 6763 indices: (-16.273688481332073, -3.1326695418644803) vs. original (-15.3705, 1.18099)
Smoothing overshot at 4093 / 7464 indices: (-18.08418786415716, -1.6275111200662997) vs. original (-15.3705, 1.58612)
Smoothing overshot at 3664 / 7049 indices: (-17.002083985536355, -5.560784073611991) vs. original (-15.3705, 1.00029)
Smoothing overshot at 8251 / 11462 indices: (-15.231807523500589, -2.597453143891727) vs. original (-14.3705, 2.58467)
Smoothing overshot at 12696 / 18334 indices: (-15.253155094803333, -5.104119195934342) vs. original (-14.3705, 2.00231)
Smoothing overshot at 1758 / 1974 indices: (-14.903708687381183, -8.184790151167313) vs. original (-14.3705, 1.30757)
Smoothing overshot at 2543 / 3151 indices: (-15.025299771940338, -7.686808337408705) vs. original (-14.3705, 1.02185)
Wrote /opt/gpbeta_2/gp_home/jobResults/86678/TESTX_H7YRLADXX_S1_L001_cnvkit_output/TESTX_H7YRLADXX_S1_L001.cs.rmdup.cns with 71 regions
