#stage:	walltime(seconds)
Initialization:	0.00
Alignment and bam indexing:	6.62
CNV calling:	44.76
Seed filtering (amplified_intervals.py):	21.21
AmpliconArchitect:	2.73
AmpliconClassifier:	0.89
Total_elapsed_walltime	76.21
