sample_name	amplicon_number	feature	gene	gene_cn	truncated
